    Checking surge-daemon v0.1.0 (/Users/vanyastafford/Develop/surge/crates/surge-daemon)
error: this block is too nested
   --> crates/surge-daemon/tests/owned_flow_ipc.rs:95:59
    |
 95 |                   if let Some(history) = inspected.database {
    |  ___________________________________________________________^
 96 | |                     if matches!(history.state, surge_core::RunState::Terminal { .. }) {
 97 | |                         startup = Some(history.startup);
 98 | |                         break;
 99 | |                     }
100 | |                 }
    | |_________________^
    |
    = help: try refactoring your code to minimize nesting
    = help: for further information visit https://rust-lang.github.io/rust-clippy/rust-1.98.0/index.html#excessive_nesting
    = note: `-D clippy::excessive-nesting` implied by `-D warnings`
    = help: to override `-D warnings` add `#[allow(clippy::excessive_nesting)]`

error: this `if` statement can be collapsed
   --> crates/surge-daemon/tests/owned_flow_ipc.rs:95:17
    |
 95 | /                 if let Some(history) = inspected.database {
 96 | |                     if matches!(history.state, surge_core::RunState::Terminal { .. }) {
 97 | |                         startup = Some(history.startup);
 98 | |                         break;
 99 | |                     }
100 | |                 }
    | |_________________^
    |
    = help: for further information visit https://rust-lang.github.io/rust-clippy/rust-1.98.0/index.html#collapsible_if
    = note: `-D clippy::collapsible-if` implied by `-D warnings`
    = help: to override `-D warnings` add `#[allow(clippy::collapsible_if)]`
help: collapse nested if block
    |
 95 ~                 if let Some(history) = inspected.database
 96 ~                     && matches!(history.state, surge_core::RunState::Terminal { .. }) {
 97 |                         startup = Some(history.startup);
 98 |                         break;
 99 ~                     }
    |

error: could not compile `surge-daemon` (test "owned_flow_ipc") due to 2 previous errors
