   Compiling surge-persistence v0.1.0 (/Users/vanyastafford/Develop/surge/crates/surge-persistence)
   Compiling surge-intake v0.1.0 (/Users/vanyastafford/Develop/surge/crates/surge-intake)
   Compiling surge-notify v0.1.0 (/Users/vanyastafford/Develop/surge/crates/surge-notify)
   Compiling surge-orchestrator v0.1.0 (/Users/vanyastafford/Develop/surge/crates/surge-orchestrator)
   Compiling surge-telegram v0.1.0 (/Users/vanyastafford/Develop/surge/crates/surge-telegram)
   Compiling surge-daemon v0.1.0 (/Users/vanyastafford/Develop/surge/crates/surge-daemon)
    Finished `test` profile [unoptimized] target(s) in 1m 06s
     Running tests/owned_flow_mcp_recovery.rs (target/debug/deps/owned_flow_mcp_recovery-3be8aaf6f8210b6a)

running 1 test
test manifest_binding_refusal_must_persist_attention_after_actual_wake ... 
thread 'manifest_binding_refusal_must_persist_attention_after_actual_wake' (31574976) panicked at crates/surge-daemon/tests/owned_flow_mcp_recovery.rs:1384:5:
actual immutable association refusal was not observed
note: run with `RUST_BACKTRACE=1` environment variable to display a backtrace
failed cold fixture retained at /var/folders/5h/kmnftr3s6r1d30h8rtdll_2m0000gn/T/.tmp0LoxiK
FAILED

failures:

failures:
    manifest_binding_refusal_must_persist_attention_after_actual_wake

test result: FAILED. 0 passed; 1 failed; 0 ignored; 0 measured; 17 filtered out; finished in 1.46s

error: test failed, to rerun pass `-p surge-daemon --test owned_flow_mcp_recovery`
