   Compiling surge-persistence v0.1.0 (/Users/vanyastafford/Develop/surge/crates/surge-persistence)
    Finished `test` profile [unoptimized] target(s) in 32.17s
     Running unittests src/lib.rs (target/debug/deps/surge_persistence-398c17c63c22ea95)

running 1 test
test runs::inspection::paged_owned_history_tests::input_manifest_repeat_after_startup_closes_is_rejected ... ok

test result: ok. 1 passed; 0 failed; 0 ignored; 0 measured; 477 filtered out; finished in 0.42s

     Running tests/bootstrap_operation_schema.rs (target/debug/deps/bootstrap_operation_schema-4a4b2f9f0b3b195c)

running 0 tests

test result: ok. 0 passed; 0 failed; 0 ignored; 0 measured; 1 filtered out; finished in 0.00s

     Running tests/migration_0002.rs (target/debug/deps/migration_0002-0241bf3d9c40ea6e)

running 0 tests

test result: ok. 0 passed; 0 failed; 0 ignored; 0 measured; 2 filtered out; finished in 0.00s

     Running tests/migration_0003.rs (target/debug/deps/migration_0003-e5d892279701efa0)

running 0 tests

test result: ok. 0 passed; 0 failed; 0 ignored; 0 measured; 1 filtered out; finished in 0.00s

     Running tests/migration_0004.rs (target/debug/deps/migration_0004-48ae27e1ace6975c)

running 0 tests

test result: ok. 0 passed; 0 failed; 0 ignored; 0 measured; 3 filtered out; finished in 0.00s

     Running tests/migration_0005.rs (target/debug/deps/migration_0005-69a9a033cce422d7)

running 0 tests

test result: ok. 0 passed; 0 failed; 0 ignored; 0 measured; 3 filtered out; finished in 0.00s

     Running tests/migration_0010.rs (target/debug/deps/migration_0010-67c347a8f3be9b29)

running 0 tests

test result: ok. 0 passed; 0 failed; 0 ignored; 0 measured; 4 filtered out; finished in 0.00s

     Running tests/migration_payload_v1.rs (target/debug/deps/migration_payload_v1-c8f1c52e8aa00e54)

running 0 tests

test result: ok. 0 passed; 0 failed; 0 ignored; 0 measured; 2 filtered out; finished in 0.00s

     Running tests/runs.rs (target/debug/deps/runs-4c4d444cee2b2b6c)

running 0 tests

test result: ok. 0 passed; 0 failed; 0 ignored; 0 measured; 16 filtered out; finished in 0.00s

     Running tests/runs_proptest.rs (target/debug/deps/runs_proptest-58df31323cebc507)

running 0 tests

test result: ok. 0 passed; 0 failed; 0 ignored; 0 measured; 2 filtered out; finished in 0.00s

     Running tests/task_ledger_sync.rs (target/debug/deps/task_ledger_sync-546f71dad30981dd)

running 0 tests

test result: ok. 0 passed; 0 failed; 0 ignored; 0 measured; 1 filtered out; finished in 0.00s

