   Compiling surge-orchestrator v0.1.0 (/Users/vanyastafford/Develop/surge/crates/surge-orchestrator)
   Compiling surge-telegram v0.1.0 (/Users/vanyastafford/Develop/surge/crates/surge-telegram)
   Compiling surge-daemon v0.1.0 (/Users/vanyastafford/Develop/surge/crates/surge-daemon)
error[E0277]: the trait bound `ReadEvent: serde::Serialize` is not satisfied
    --> crates/surge-daemon/tests/owned_flow_mcp_recovery.rs:1480:34
     |
1480 |             serde_json::to_value(before).unwrap() == serde_json::to_value(after).unwrap(),
     |             -------------------- ^^^^^^ the trait `serde_core::ser::Serialize` is not implemented for `ReadEvent`
     |             |
     |             required by a bound introduced by this call
     |
     = note: for local types consider adding `#[derive(serde::Serialize)]` to your `ReadEvent` type
     = note: for types from other crates check whether the crate offers a `serde` feature flag
     = help: the following other types implement trait `serde_core::ser::Serialize`:
               &'a T
               &'a mut T
               ()
               (T,)
               (T0, T1)
               (T0, T1, T2)
               (T0, T1, T2, T3)
               (T0, T1, T2, T3, T4)
             and 2989 others
     = note: required for `Vec<ReadEvent>` to implement `serde_core::ser::Serialize`
note: required by a bound in `to_value`
    --> /Users/vanyastafford/.cargo/registry/src/index.crates.io-1949cf8c6b5b557f/serde_json-1.0.151/src/value/mod.rs:997:8
     |
 995 | pub fn to_value<T>(value: T) -> Result<Value, Error>
     |        -------- required by a bound in this function
 996 | where
 997 |     T: Serialize,
     |        ^^^^^^^^^ required by this bound in `to_value`
     = note: the full name for the type has been written to '/Users/vanyastafford/Develop/surge/target/debug/deps/owned_flow_mcp_recovery-694c79adf6187c78.long-type-2568835394845342669.txt'
     = note: consider using `--verbose` to print the full type name to the console

error[E0277]: the trait bound `ReadEvent: serde::Serialize` is not satisfied
    --> crates/surge-daemon/tests/owned_flow_mcp_recovery.rs:1480:75
     |
1480 |             serde_json::to_value(before).unwrap() == serde_json::to_value(after).unwrap(),
     |                                                      -------------------- ^^^^^ the trait `serde_core::ser::Serialize` is not implemented for `ReadEvent`
     |                                                      |
     |                                                      required by a bound introduced by this call
     |
     = note: for local types consider adding `#[derive(serde::Serialize)]` to your `ReadEvent` type
     = note: for types from other crates check whether the crate offers a `serde` feature flag
     = help: the following other types implement trait `serde_core::ser::Serialize`:
               &'a T
               &'a mut T
               ()
               (T,)
               (T0, T1)
               (T0, T1, T2)
               (T0, T1, T2, T3)
               (T0, T1, T2, T3, T4)
             and 2989 others
     = note: required for `Vec<ReadEvent>` to implement `serde_core::ser::Serialize`
note: required by a bound in `to_value`
    --> /Users/vanyastafford/.cargo/registry/src/index.crates.io-1949cf8c6b5b557f/serde_json-1.0.151/src/value/mod.rs:997:8
     |
 995 | pub fn to_value<T>(value: T) -> Result<Value, Error>
     |        -------- required by a bound in this function
 996 | where
 997 |     T: Serialize,
     |        ^^^^^^^^^ required by this bound in `to_value`
     = note: the full name for the type has been written to '/Users/vanyastafford/Develop/surge/target/debug/deps/owned_flow_mcp_recovery-694c79adf6187c78.long-type-2568835394845342669.txt'
     = note: consider using `--verbose` to print the full type name to the console

For more information about this error, try `rustc --explain E0277`.
error: could not compile `surge-daemon` (test "owned_flow_mcp_recovery") due to 2 previous errors
