    Checking parking_lot_core v0.9.12
    Checking parking_lot v0.12.5
    Checking num-traits v0.2.19
    Checking chrono v0.4.44
    Checking rustix v1.1.4
    Checking scheduled-thread-pool v0.2.7
    Checking tokio v1.50.0
    Checking rusqlite v0.32.1
    Checking schemars v1.2.1
    Checking r2d2 v0.8.10
    Checking ulid v1.2.1
    Checking tempfile v3.27.0
    Checking surge-core v0.1.0 (/Users/vanyastafford/Develop/surge/crates/surge-core)
    Checking nix v0.29.0
    Checking r2d2_sqlite v0.25.0
    Checking tokio-stream v0.1.18
    Checking fd-lock v4.0.4
    Checking surge-persistence v0.1.0 (/Users/vanyastafford/Develop/surge/crates/surge-persistence)
warning: associated function `from_manifest` is never used
  --> crates/surge-persistence/src/work_items/owned_flow/private_inputs.rs:28:19
   |
27 | impl InputBinding {
   | ----------------- associated function in this implementation
28 |     pub(super) fn from_manifest(manifest: &OwnedFlowInputsManifest) -> Self {
   |                   ^^^^^^^^^^^^^
   |
   = note: `#[warn(dead_code)]` (part of `#[warn(unused)]`) on by default

warning: function `hydrate` is never used
   --> crates/surge-persistence/src/work_items/owned_flow/private_inputs.rs:137:15
    |
137 | pub(super) fn hydrate(home: &Path, manifest: &OwnedFlowInputsManifest) -> Result<Vec<McpServerRef>> {
    |               ^^^^^^^

warning: `surge-persistence` (lib) generated 2 warnings
    Finished `dev` profile [unoptimized] target(s) in 18.61s
