warning: field `admission` is never read
  --> crates/surge-telegram/src/cockpit/outgoing_admission.rs:10:16
   |
 8 | pub(super) struct AdmittedTelegramApi<A> {
   |                   ------------------- field in this struct
 9 |     pub(super) api: A,
10 |     pub(super) admission: PairingsAdmission,
   |                ^^^^^^^^^
   |
   = note: `AdmittedTelegramApi` has a derived impl for the trait `Clone`, but this is intentionally ignored during dead code analysis
   = note: `#[warn(dead_code)]` (part of `#[warn(unused)]`) on by default

warning: `surge-telegram` (lib) generated 1 warning
   Compiling surge-daemon v0.1.0 (/Users/vanyastafford/Develop/surge/crates/surge-daemon)
    Finished `test` profile [unoptimized + debuginfo] target(s) in 0.65s
warning: the following packages contain code that will be rejected by a future version of Rust: proc-macro-error2 v2.0.1
note: to see what the problems were, use the option `--future-incompat-report`, or run `cargo report future-incompatibilities --id 1`
────────────
 Nextest run ID 50e63ba5-8bc0-493a-af1c-2a93599114b7 with nextest profile: default
    Starting 2 tests across 1 binary
        PASS [   2.026s] (1/2) surge-daemon::daemon_startup_exit socket_bind_failure_exits_unsuccessfully
        PASS [   2.027s] (2/2) surge-daemon::daemon_startup_exit failed_startup_preserves_regular_socket_path_and_secures_parent
────────────
     Summary [   2.028s] 2 tests run: 2 passed, 0 skipped
