    Checking stable_deref_trait v1.2.1
    Checking libc v0.2.183
    Checking serde_core v1.0.228
    Checking cfg-if v1.0.4
    Checking writeable v0.6.2
    Checking litemap v0.8.1
    Checking zerofrom v0.1.6
    Checking typenum v1.19.0
    Checking equivalent v1.0.2
    Checking hashbrown v0.16.1
    Checking yoke v0.8.1
   Compiling num-traits v0.2.19
    Checking zerocopy v0.8.47
    Checking icu_properties_data v2.1.2
    Checking zerovec v0.11.5
    Checking zerotrie v0.2.3
    Checking icu_normalizer_data v2.1.1
    Checking getrandom v0.3.4
    Checking smallvec v1.15.1
    Checking generic-array v0.14.7
    Checking rand_core v0.9.5
    Checking indexmap v2.13.0
    Checking core-foundation-sys v0.8.7
    Checking bitflags v2.11.0
    Checking tinystr v0.8.2
    Checking potential_utf v0.1.4
    Checking once_cell v1.21.4
    Checking icu_collections v2.1.1
    Checking icu_locale_core v2.1.1
    Checking iana-time-zone v0.1.65
    Checking zmij v1.0.21
    Checking block-buffer v0.10.4
    Checking crypto-common v0.1.7
    Checking openssl-sys v0.9.112
    Checking libz-sys v1.1.25
    Checking errno v0.3.14
    Checking memchr v2.8.0
    Checking option-ext v0.2.0
    Checking percent-encoding v2.3.2
    Checking utf8_iter v1.0.4
    Checking toml_write v0.1.2
    Checking itoa v1.0.18
    Checking icu_provider v2.1.1
    Checking winnow v0.7.15
    Checking form_urlencoded v1.2.2
    Checking dirs-sys v0.4.1
    Checking rustix v1.1.4
    Checking ref-cast v1.0.25
    Checking icu_properties v2.1.2
    Checking icu_normalizer v2.1.1
    Checking digest v0.10.7
    Checking serde v1.0.228
    Checking serde_json v1.0.151
    Checking libssh2-sys v0.3.1
    Checking tracing-core v0.1.36
    Checking getrandom v0.4.2
    Checking cpufeatures v0.2.17
    Checking dyn-clone v1.0.20
    Checking serde_spanned v0.6.9
    Checking toml_datetime v0.6.11
    Checking chrono v0.4.44
    Checking fastrand v2.3.0
    Checking pin-project-lite v0.2.17
    Checking humantime v2.3.0
    Checking tempfile v3.27.0
    Checking tracing v0.1.44
    Checking thiserror v2.0.18
    Checking idna_adapter v1.2.1
    Checking humantime-serde v1.1.1
    Checking sha2 v0.10.9
    Checking libgit2-sys v0.18.8+1.9.7
    Checking idna v1.1.0
    Checking semver v1.0.27
    Checking dirs v5.0.1
    Checking log v0.4.29
    Checking glob v0.3.3
    Checking url v2.5.8
    Checking hex v0.4.3
    Checking toml_edit v0.22.27
    Checking git2 v0.21.0
    Checking schemars v1.2.1
    Checking ppv-lite86 v0.2.21
    Checking rand_chacha v0.9.0
    Checking rand v0.9.3
    Checking toml v0.8.23
    Checking ulid v1.2.1
    Checking surge-core v0.1.0 (/Users/vanyastafford/Develop/surge/crates/surge-core)
    Checking surge-git v0.1.0 (/Users/vanyastafford/Develop/surge/crates/surge-git)
    Finished `dev` profile [unoptimized + debuginfo] target(s) in 13.04s
