   Compiling surge-persistence v0.1.0 (/Users/vanyastafford/Develop/surge/crates/surge-persistence)
   Compiling surge-intake v0.1.0 (/Users/vanyastafford/Develop/surge/crates/surge-intake)
   Compiling surge-notify v0.1.0 (/Users/vanyastafford/Develop/surge/crates/surge-notify)
   Compiling surge-orchestrator v0.1.0 (/Users/vanyastafford/Develop/surge/crates/surge-orchestrator)
   Compiling surge-telegram v0.1.0 (/Users/vanyastafford/Develop/surge/crates/surge-telegram)
    Finished `test` profile [unoptimized + debuginfo] target(s) in 17.95s
warning: the following packages contain code that will be rejected by a future version of Rust: proc-macro-error2 v2.0.1
note: to see what the problems were, use the option `--future-incompat-report`, or run `cargo report future-incompatibilities --id 1`
     Running unittests src/lib.rs (target/debug/deps/surge_telegram-c57878d2b855a05b)

running 2 tests
test cockpit::production::reply_admission::tests::pairing_reply_remains_available_without_admission ... ok

thread 'cockpit::production::reply_admission::tests::revoked_command_reply_never_reaches_bot_endpoint' (33346705) panicked at crates/surge-telegram/src/cockpit/reply_admission.rs:53:9:
assertion failed: send_reply(&bot, &admission, 42, "sensitive status reply").await.is_err()
note: run with `RUST_BACKTRACE=1` environment variable to display a backtrace
test cockpit::production::reply_admission::tests::revoked_command_reply_never_reaches_bot_endpoint ... FAILED

failures:

failures:
    cockpit::production::reply_admission::tests::revoked_command_reply_never_reaches_bot_endpoint

test result: FAILED. 1 passed; 1 failed; 0 ignored; 0 measured; 105 filtered out; finished in 0.06s

error: test failed, to rerun pass `-p surge-telegram --lib`
