   Compiling surge-cli v0.1.0 (/Users/vanyastafford/Develop/surge/crates/surge-cli)
    Finished `test` profile [unoptimized + debuginfo] target(s) in 12.62s
warning: the following packages contain code that will be rejected by a future version of Rust: proc-macro-error2 v2.0.1
note: to see what the problems were, use the option `--future-incompat-report`, or run `cargo report future-incompatibilities --id 1`
     Running unittests src/main.rs (target/debug/deps/surge-beff987a331c8625)

running 6 tests
test commands::engine::watch_tests::lost_events_do_not_become_success_after_a_terminal ... ok
test commands::engine::watch_tests::closed_stream_without_terminal_is_unconfirmed ... ok
test commands::engine::watch_tests::stream_error_is_not_successful_observation ... ok
test commands::engine::watch_tests::explicit_terminal_confirms_observation ... ok
test commands::engine::watch_tests::aborted_terminal_is_not_a_successful_command ... FAILED
test commands::engine::watch_tests::failed_terminal_is_not_a_successful_command ... FAILED

failures:

---- commands::engine::watch_tests::aborted_terminal_is_not_a_successful_command stdout ----
Terminal: Aborted { reason: "operator cancelled" }

thread 'commands::engine::watch_tests::aborted_terminal_is_not_a_successful_command' (33564933) panicked at crates/surge-cli/src/commands/engine.rs:834:56:
called `Result::unwrap_err()` on an `Ok` value: ()
note: run with `RUST_BACKTRACE=1` environment variable to display a backtrace

---- commands::engine::watch_tests::failed_terminal_is_not_a_successful_command stdout ----
Terminal: Failed { error: "agent failed" }

thread 'commands::engine::watch_tests::failed_terminal_is_not_a_successful_command' (33564936) panicked at crates/surge-cli/src/commands/engine.rs:820:56:
called `Result::unwrap_err()` on an `Ok` value: ()


failures:
    commands::engine::watch_tests::aborted_terminal_is_not_a_successful_command
    commands::engine::watch_tests::failed_terminal_is_not_a_successful_command

test result: FAILED. 4 passed; 2 failed; 0 ignored; 0 measured; 101 filtered out; finished in 0.00s

error: test failed, to rerun pass `-p surge-cli --bin surge`
