    Fetching advisory database from `https://github.com/RustSec/advisory-db.git`
      Loaded 1290 security advisories (from /Users/vanyastafford/.cargo/advisory-db)
    Updating crates.io index
warning: directory /Users/vanyastafford/.cargo/advisory-db is locked, waiting for up to 300 seconds for it to become available
    Scanning Cargo.lock for vulnerabilities (1168 crate dependencies)
Crate:     core2
Version:   0.4.0
Warning:   unmaintained
Title:     core2 is unmaintained, all versions yanked
Date:      2026-04-14
ID:        RUSTSEC-2026-0105
URL:       https://rustsec.org/advisories/RUSTSEC-2026-0105

Crate:     fxhash
Version:   0.2.1
Warning:   unmaintained
Title:     fxhash - no longer maintained
Date:      2025-09-05
ID:        RUSTSEC-2025-0057
URL:       https://rustsec.org/advisories/RUSTSEC-2025-0057

Crate:     instant
Version:   0.1.13
Warning:   unmaintained
Title:     `instant` is unmaintained
Date:      2024-09-01
ID:        RUSTSEC-2024-0384
URL:       https://rustsec.org/advisories/RUSTSEC-2024-0384

Crate:     paste
Version:   1.0.15
Warning:   unmaintained
Title:     paste - no longer maintained
Date:      2024-10-07
ID:        RUSTSEC-2024-0436
URL:       https://rustsec.org/advisories/RUSTSEC-2024-0436

Crate:     proc-macro-error
Version:   1.0.4
Warning:   unmaintained
Title:     proc-macro-error is unmaintained
Date:      2024-09-01
ID:        RUSTSEC-2024-0370
URL:       https://rustsec.org/advisories/RUSTSEC-2024-0370

Crate:     proc-macro-error2
Version:   2.0.1
Warning:   unmaintained
Title:     proc-macro-error2 is unmaintained
Date:      2026-06-07
ID:        RUSTSEC-2026-0173
URL:       https://rustsec.org/advisories/RUSTSEC-2026-0173

Crate:     rustls-pemfile
Version:   2.2.0
Warning:   unmaintained
Title:     rustls-pemfile is unmaintained
Date:      2025-11-28
ID:        RUSTSEC-2025-0134
URL:       https://rustsec.org/advisories/RUSTSEC-2025-0134

Crate:     rustybuzz
Version:   0.20.1
Warning:   unmaintained
Title:     `rustybuzz` is unmaintained
Date:      2026-07-11
ID:        RUSTSEC-2026-0206
URL:       https://rustsec.org/advisories/RUSTSEC-2026-0206

Crate:     ttf-parser
Version:   0.25.1
Warning:   unmaintained
Title:     `ttf-parser` is unmaintained
Date:      2026-06-28
ID:        RUSTSEC-2026-0192
URL:       https://rustsec.org/advisories/RUSTSEC-2026-0192

Crate:     event-listener
Version:   5.4.1
Warning:   unsound
Title:     `event-listener` allows `!Send` tags to cross thread boundaries via `StackSlot`
Date:      2026-07-13
ID:        RUSTSEC-2026-0221
URL:       https://rustsec.org/advisories/RUSTSEC-2026-0221

Crate:     glib
Version:   0.18.5
Warning:   unsound
Title:     Unsoundness in `Iterator` and `DoubleEndedIterator` impls for `glib::VariantStrIter`
Date:      2024-03-30
ID:        RUSTSEC-2024-0429
URL:       https://rustsec.org/advisories/RUSTSEC-2024-0429

Crate:     memmap2
Version:   0.9.10
Warning:   unsound
Title:     Unchecked pointer offset in crate `memmap2`
Date:      2026-06-20
ID:        RUSTSEC-2026-0186
URL:       https://rustsec.org/advisories/RUSTSEC-2026-0186

Crate:     rand
Version:   0.7.3
Warning:   unsound
Title:     Rand is unsound with a custom logger using `rand::rng()`
Date:      2026-04-09
ID:        RUSTSEC-2026-0097
URL:       https://rustsec.org/advisories/RUSTSEC-2026-0097

Crate:     rand
Version:   0.8.5
Warning:   unsound
Title:     Rand is unsound with a custom logger using `rand::rng()`
Date:      2026-04-09
ID:        RUSTSEC-2026-0097
URL:       https://rustsec.org/advisories/RUSTSEC-2026-0097

Crate:     chacha20
Version:   0.10.0
Warning:   yanked

Crate:     core2
Version:   0.4.0
Warning:   yanked

Crate:     spin
Version:   0.9.8
Warning:   yanked

warning: 17 allowed warnings found
