   Compiling surge-git v0.1.0 (/Users/vanyastafford/Develop/surge/crates/surge-git)
   Compiling surge-orchestrator v0.1.0 (/Users/vanyastafford/Develop/surge/crates/surge-orchestrator)
   Compiling surge-telegram v0.1.0 (/Users/vanyastafford/Develop/surge/crates/surge-telegram)
   Compiling surge-daemon v0.1.0 (/Users/vanyastafford/Develop/surge/crates/surge-daemon)
    Finished `test` profile [unoptimized + debuginfo] target(s) in 11.05s
warning: the following packages contain code that will be rejected by a future version of Rust: proc-macro-error2 v2.0.1
note: to see what the problems were, use the option `--future-incompat-report`, or run `cargo report future-incompatibilities --id 1`
     Running tests/daemon_merge_gate_e2e.rs (target/debug/deps/daemon_merge_gate_e2e-8aff482b487e18b6)

running 16 tests
test l3_merge_is_pinned_to_readiness_head ... ok
test l3_already_merged_is_success ... ok
test l3_blocked_posts_merge_blocked_comment_and_escalates ... ok
test interrupted_merge_attempt_escalates_without_retrying_provider ... ok
test l3_default_readiness_blocks_when_provider_does_not_implement ... ok
test l3_merge_conflict_escalates ... ok
test merge_receipt_storage_failure_never_calls_provider ... ok
test l3_ready_merges_and_posts_merged_comment_and_label ... ok
test non_l3_task_is_a_no_op ... ok
test l3_merged_comment_omits_the_run_report_when_publishing_is_disabled ... ok
test lag_recovers_dropped_completion_from_journal ... ok
test l3_merged_comment_attaches_the_run_report_and_flags_it_unverified ... ok
test failed_run_outcome_does_not_trigger_gate ... ok
test rejected_merge_reservation_never_calls_provider ... ok
test idempotent_double_merge ... ok
test startup_recovers_completed_terminal_ticket_without_broadcast ... ok

test result: ok. 16 passed; 0 failed; 0 ignored; 0 measured; 0 filtered out; finished in 1.00s
