    Checking surge-daemon v0.1.0 (/Users/vanyastafford/Develop/surge/crates/surge-daemon)
    Checking gpui-component v0.7.0
    Checking surge-acp v0.1.0 (/Users/vanyastafford/Develop/surge/crates/surge-acp)
    Checking surge-core v0.1.0 (/Users/vanyastafford/Develop/surge/crates/surge-core)
    Checking surge-persistence v0.1.0 (/Users/vanyastafford/Develop/surge/crates/surge-persistence)
    Checking surge-cli v0.1.0 (/Users/vanyastafford/Develop/surge/crates/surge-cli)
error: this block is too nested
   --> crates/surge-core/src/config/io.rs:270:36
    |
270 |                       for _ in 0..20 {
    |  ____________________________________^
271 | |                         config.save(destination).unwrap();
272 | |                         SurgeConfig::load(destination).unwrap();
273 | |                     }
    | |_____________________^
    |
    = help: try refactoring your code to minimize nesting
    = help: for further information visit https://rust-lang.github.io/rust-clippy/rust-1.98.0/index.html#excessive_nesting
    = note: `-D clippy::excessive-nesting` implied by `-D warnings`
    = help: to override `-D warnings` add `#[allow(clippy::excessive_nesting)]`

    Checking surge-orchestrator v0.1.0 (/Users/vanyastafford/Develop/surge/crates/surge-orchestrator)
    Checking gpui-kit v0.7.0
    Checking surge-ui v0.1.0 (/Users/vanyastafford/Develop/surge/crates/surge-ui)
error: use of deprecated associated function `git2::Oid::zero`: use `Oid::ZERO_SHA1` instead
   --> crates/surge-ui/src/screens/run_changes.rs:960:66
    |
960 |         assert!(super::read_changes(root.path(), Some(git2::Oid::zero())).is_err());
    |                                                                  ^^^^
    |
    = note: `-D deprecated` implied by `-D warnings`
    = help: to override `-D warnings` add `#[allow(deprecated)]`

    Checking surge-notify v0.1.0 (/Users/vanyastafford/Develop/surge/crates/surge-notify)
error: could not compile `surge-ui` (bin "surge-ui" test) due to 1 previous error
warning: build failed, waiting for other jobs to finish...
error: could not compile `surge-core` (lib test) due to 1 previous error
