$ otool -L target/release/surge
exit=0
target/release/surge:
	/System/Library/Frameworks/AppKit.framework/Versions/C/AppKit (compatibility version 45.0.0, current version 2775.10.103)
	/System/Library/Frameworks/Foundation.framework/Versions/C/Foundation (compatibility version 300.0.0, current version 5027.0.69)
	/System/Library/Frameworks/CoreFoundation.framework/Versions/A/CoreFoundation (compatibility version 150.0.0, current version 5027.0.69)
	/usr/lib/libSystem.B.dylib (compatibility version 1.0.0, current version 1359.0.0)
	/usr/lib/libobjc.A.dylib (compatibility version 1.0.0, current version 228.0.0)
	/usr/lib/libiconv.2.dylib (compatibility version 7.0.0, current version 7.0.0)
	/System/Library/Frameworks/Security.framework/Versions/A/Security (compatibility version 1.0.0, current version 62460.1.2)
	/usr/lib/libz.1.dylib (compatibility version 1.0.0, current version 1.2.12)
	/System/Library/Frameworks/IOKit.framework/Versions/A/IOKit (compatibility version 1.0.0, current version 275.0.0)
	/System/Library/Frameworks/CoreServices.framework/Versions/A/CoreServices (compatibility version 1.0.0, current version 1226.0.0)

$ otool -l target/release/surge
exit=0
target/release/surge:
Load command 0
      cmd LC_SEGMENT_64
  cmdsize 72
  segname __PAGEZERO
   vmaddr 0x0000000000000000
   vmsize 0x0000000100000000
  fileoff 0
 filesize 0
  maxprot 0x00000000
 initprot 0x00000000
   nsects 0
    flags 0x0
Load command 1
      cmd LC_SEGMENT_64
  cmdsize 1112
  segname __TEXT
   vmaddr 0x0000000100000000
   vmsize 0x0000000002fb0000
  fileoff 0
 filesize 50003968
  maxprot 0x00000005
 initprot 0x00000005
   nsects 13
    flags 0x0
Section
  sectname __text
   segname __TEXT
      addr 0x0000000100001080
      size 0x000000000254a010
    offset 4224
     align 2^7 (128)
    reloff 0
    nreloc 0
     flags 0x80000400
 reserved1 0
 reserved2 0
Section
  sectname __stubs
   segname __TEXT
      addr 0x000000010254b090
      size 0x0000000000001158
    offset 39104656
     align 2^2 (4)
    reloff 0
    nreloc 0
     flags 0x80000408
 reserved1 0 (index into indirect symbol table)
 reserved2 12 (size of stubs)
Section
  sectname __objc_stubs
   segname __TEXT
      addr 0x000000010254c200
      size 0x00000000000006e0
    offset 39109120
     align 2^5 (32)
    reloff 0
    nreloc 0
     flags 0x80000400
 reserved1 0
 reserved2 0
Section
  sectname __init_offsets
   segname __TEXT
      addr 0x000000010254c8e0
      size 0x0000000000000004
    offset 39110880
     align 2^2 (4)
    reloff 0
    nreloc 0
     flags 0x00000016
 reserved1 0
 reserved2 0
Section
  sectname __objc_methlist
   segname __TEXT
      addr 0x000000010254c8e8
      size 0x00000000000001c4
    offset 39110888
     align 2^3 (8)
    reloff 0
    nreloc 0
     flags 0x00000000
 reserved1 0
 reserved2 0
Section
  sectname __gcc_except_tab
   segname __TEXT
      addr 0x000000010254caac
      size 0x0000000000243768
    offset 39111340
     align 2^2 (4)
    reloff 0
    nreloc 0
     flags 0x00000000
 reserved1 0
 reserved2 0
Section
  sectname __const
   segname __TEXT
      addr 0x0000000102791000
      size 0x00000000002bacf8
    offset 41488384
     align 2^12 (4096)
    reloff 0
    nreloc 0
     flags 0x00000000
 reserved1 0
 reserved2 0
Section
  sectname __cstring
   segname __TEXT
      addr 0x0000000102a4bcf8
      size 0x00000000000741b4
    offset 44350712
     align 2^3 (8)
    reloff 0
    nreloc 0
     flags 0x00000002
 reserved1 0
 reserved2 0
Section
  sectname __objc_classname
   segname __TEXT
      addr 0x0000000102abfeac
      size 0x000000000000004d
    offset 44826284
     align 2^0 (1)
    reloff 0
    nreloc 0
     flags 0x00000002
 reserved1 0
 reserved2 0
Section
  sectname __objc_methname
   segname __TEXT
      addr 0x0000000102abfef9
      size 0x000000000000064a
    offset 44826361
     align 2^0 (1)
    reloff 0
    nreloc 0
     flags 0x00000002
 reserved1 0
 reserved2 0
Section
  sectname __objc_methtype
   segname __TEXT
      addr 0x0000000102ac0543
      size 0x0000000000000169
    offset 44827971
     align 2^0 (1)
    reloff 0
    nreloc 0
     flags 0x00000002
 reserved1 0
 reserved2 0
Section
  sectname __unwind_info
   segname __TEXT
      addr 0x0000000102ac06ac
      size 0x00000000000c2ba8
    offset 44828332
     align 2^2 (4)
    reloff 0
    nreloc 0
     flags 0x00000000
 reserved1 0
 reserved2 0
Section
  sectname __eh_frame
   segname __TEXT
      addr 0x0000000102b83258
      size 0x000000000042a20c
    offset 45625944
     align 2^3 (8)
    reloff 0
    nreloc 0
     flags 0x6800000b
 reserved1 0
 reserved2 0
Load command 2
      cmd LC_SEGMENT_64
  cmdsize 872
  segname __DATA_CONST
   vmaddr 0x0000000102fb0000
   vmsize 0x000000000017c000
  fileoff 50003968
 filesize 1556480
  maxprot 0x00000003
 initprot 0x00000003
   nsects 10
    flags 0x10
Section
  sectname __const
   segname __DATA_CONST
      addr 0x0000000102fb0000
      size 0x0000000000177150
    offset 50003968
     align 2^4 (16)
    reloff 0
    nreloc 0
     flags 0x00000000
 reserved1 0
 reserved2 0
Section
  sectname __cfstring
   segname __DATA_CONST
      addr 0x0000000103127150
      size 0x0000000000000400
    offset 51540304
     align 2^3 (8)
    reloff 0
    nreloc 0
     flags 0x00000000
 reserved1 0
 reserved2 0
Section
  sectname __objc_classlist
   segname __DATA_CONST
      addr 0x0000000103127550
      size 0x0000000000000008
    offset 51541328
     align 2^3 (8)
    reloff 0
    nreloc 0
     flags 0x10000000
 reserved1 0
 reserved2 0
Section
  sectname __objc_catlist
   segname __DATA_CONST
      addr 0x0000000103127558
      size 0x0000000000000008
    offset 51541336
     align 2^3 (8)
    reloff 0
    nreloc 0
     flags 0x10000000
 reserved1 0
 reserved2 0
Section
  sectname __objc_protolist
   segname __DATA_CONST
      addr 0x0000000103127560
      size 0x0000000000000010
    offset 51541344
     align 2^3 (8)
    reloff 0
    nreloc 0
     flags 0x00000000
 reserved1 0
 reserved2 0
Section
  sectname __objc_imageinfo
   segname __DATA_CONST
      addr 0x0000000103127570
      size 0x0000000000000008
    offset 51541360
     align 2^2 (4)
    reloff 0
    nreloc 0
     flags 0x00000000
 reserved1 0
 reserved2 0
Section
  sectname __objc_arraydata
   segname __DATA_CONST
      addr 0x0000000103127578
      size 0x0000000000000020
    offset 51541368
     align 2^3 (8)
    reloff 0
    nreloc 0
     flags 0x00000000
 reserved1 0
 reserved2 0
Section
  sectname __objc_dictobj
   segname __DATA_CONST
      addr 0x0000000103127598
      size 0x0000000000000050
    offset 51541400
     align 2^3 (8)
    reloff 0
    nreloc 0
     flags 0x00000000
 reserved1 0
 reserved2 0
Section
  sectname __objc_intobj
   segname __DATA_CONST
      addr 0x00000001031275e8
      size 0x0000000000000018
    offset 51541480
     align 2^3 (8)
    reloff 0
    nreloc 0
     flags 0x00000000
 reserved1 0
 reserved2 0
Section
  sectname __got
   segname __DATA_CONST
      addr 0x0000000103127600
      size 0x0000000000000c58
    offset 51541504
     align 2^3 (8)
    reloff 0
    nreloc 0
     flags 0x00000006
 reserved1 370 (index into indirect symbol table)
 reserved2 0
Load command 3
      cmd LC_SEGMENT_64
  cmdsize 872
  segname __DATA
   vmaddr 0x000000010312c000
   vmsize 0x0000000000018000
  fileoff 51560448
 filesize 81920
  maxprot 0x00000003
 initprot 0x00000003
   nsects 10
    flags 0x0
Section
  sectname __objc_const
   segname __DATA
      addr 0x000000010312c000
      size 0x00000000000002e0
    offset 51560448
     align 2^3 (8)
    reloff 0
    nreloc 0
     flags 0x00000000
 reserved1 0
 reserved2 0
Section
  sectname __objc_selrefs
   segname __DATA
      addr 0x000000010312c2e0
      size 0x0000000000000280
    offset 51561184
     align 2^3 (8)
    reloff 0
    nreloc 0
     flags 0x10000005
 reserved1 0
 reserved2 0
Section
  sectname __objc_ivar
   segname __DATA
      addr 0x000000010312c560
      size 0x000000000000000c
    offset 51561824
     align 2^2 (4)
    reloff 0
    nreloc 0
     flags 0x00000000
 reserved1 0
 reserved2 0
Section
  sectname __objc_data
   segname __DATA
      addr 0x000000010312c570
      size 0x0000000000000050
    offset 51561840
     align 2^3 (8)
    reloff 0
    nreloc 0
     flags 0x00000000
 reserved1 0
 reserved2 0
Section
  sectname __data
   segname __DATA
      addr 0x000000010312c5c0
      size 0x0000000000011158
    offset 51561920
     align 2^4 (16)
    reloff 0
    nreloc 0
     flags 0x00000000
 reserved1 0
 reserved2 0
Section
  sectname __thread_vars
   segname __DATA
      addr 0x000000010313d718
      size 0x0000000000000300
    offset 51631896
     align 2^3 (8)
    reloff 0
    nreloc 0
     flags 0x00000013
 reserved1 0
 reserved2 0
Section
  sectname __thread_data
   segname __DATA
      addr 0x000000010313da18
      size 0x0000000000000130
    offset 51632664
     align 2^3 (8)
    reloff 0
    nreloc 0
     flags 0x00000011
 reserved1 0
 reserved2 0
Section
  sectname __thread_bss
   segname __DATA
      addr 0x000000010313db48
      size 0x00000000000002c0
    offset 0
     align 2^3 (8)
    reloff 0
    nreloc 0
     flags 0x00000012
 reserved1 0
 reserved2 0
Section
  sectname __bss
   segname __DATA
      addr 0x000000010313de08
      size 0x00000000000023b8
    offset 0
     align 2^3 (8)
    reloff 0
    nreloc 0
     flags 0x00000001
 reserved1 0
 reserved2 0
Section
  sectname __common
   segname __DATA
      addr 0x00000001031401c0
      size 0x0000000000000208
    offset 0
     align 2^3 (8)
    reloff 0
    nreloc 0
     flags 0x00000001
 reserved1 0
 reserved2 0
Load command 4
      cmd LC_SEGMENT_64
  cmdsize 72
  segname __LINKEDIT
   vmaddr 0x0000000103144000
   vmsize 0x0000000001120000
  fileoff 51642368
 filesize 17942544
  maxprot 0x00000001
 initprot 0x00000001
   nsects 0
    flags 0x0
Load command 5
      cmd LC_DYLD_CHAINED_FIXUPS
  cmdsize 16
  dataoff 51642368
 datasize 8048
Load command 6
      cmd LC_DYLD_EXPORTS_TRIE
  cmdsize 16
  dataoff 51650416
 datasize 795008
Load command 7
     cmd LC_SYMTAB
 cmdsize 24
  symoff 52577608
   nsyms 144486
  stroff 54892448
 strsize 14152888
Load command 8
            cmd LC_DYSYMTAB
        cmdsize 80
      ilocalsym 0
      nlocalsym 131876
     iextdefsym 131876
     nextdefsym 12209
      iundefsym 144085
      nundefsym 401
         tocoff 0
           ntoc 0
      modtaboff 0
        nmodtab 0
   extrefsymoff 0
    nextrefsyms 0
 indirectsymoff 54889384
  nindirectsyms 765
      extreloff 0
        nextrel 0
      locreloff 0
        nlocrel 0
Load command 9
          cmd LC_LOAD_DYLINKER
      cmdsize 32
         name /usr/lib/dyld (offset 12)
Load command 10
     cmd LC_UUID
 cmdsize 24
    uuid 2FE8D663-E1C3-356C-B681-A2A263F36F92
Load command 11
      cmd LC_BUILD_VERSION
  cmdsize 32
 platform 1
    minos 15.0
      sdk 27.0
   ntools 1
     tool 3
  version 27037.1
Load command 12
      cmd LC_SOURCE_VERSION
  cmdsize 16
  version 0.0
Load command 13
       cmd LC_MAIN
   cmdsize 24
  entryoff 6003088
 stacksize 0
Load command 14
          cmd LC_LOAD_DYLIB
      cmdsize 88
         name /System/Library/Frameworks/AppKit.framework/Versions/C/AppKit (offset 24)
   time stamp 2 Wed Dec 31 18:00:02 1969
      current version 2775.10.103
compatibility version 45.0.0
Load command 15
          cmd LC_LOAD_DYLIB
      cmdsize 96
         name /System/Library/Frameworks/Foundation.framework/Versions/C/Foundation (offset 24)
   time stamp 2 Wed Dec 31 18:00:02 1969
      current version 5027.0.69
compatibility version 300.0.0
Load command 16
          cmd LC_LOAD_DYLIB
      cmdsize 104
         name /System/Library/Frameworks/CoreFoundation.framework/Versions/A/CoreFoundation (offset 24)
   time stamp 2 Wed Dec 31 18:00:02 1969
      current version 5027.0.69
compatibility version 150.0.0
Load command 17
          cmd LC_LOAD_DYLIB
      cmdsize 56
         name /usr/lib/libSystem.B.dylib (offset 24)
   time stamp 2 Wed Dec 31 18:00:02 1969
      current version 1359.0.0
compatibility version 1.0.0
Load command 18
          cmd LC_LOAD_DYLIB
      cmdsize 56
         name /usr/lib/libobjc.A.dylib (offset 24)
   time stamp 2 Wed Dec 31 18:00:02 1969
      current version 228.0.0
compatibility version 1.0.0
Load command 19
          cmd LC_LOAD_DYLIB
      cmdsize 56
         name /usr/lib/libiconv.2.dylib (offset 24)
   time stamp 2 Wed Dec 31 18:00:02 1969
      current version 7.0.0
compatibility version 7.0.0
Load command 20
          cmd LC_LOAD_DYLIB
      cmdsize 96
         name /System/Library/Frameworks/Security.framework/Versions/A/Security (offset 24)
   time stamp 2 Wed Dec 31 18:00:02 1969
      current version 62460.1.2
compatibility version 1.0.0
Load command 21
          cmd LC_LOAD_DYLIB
      cmdsize 48
         name /usr/lib/libz.1.dylib (offset 24)
   time stamp 2 Wed Dec 31 18:00:02 1969
      current version 1.2.12
compatibility version 1.0.0
Load command 22
          cmd LC_LOAD_DYLIB
      cmdsize 88
         name /System/Library/Frameworks/IOKit.framework/Versions/A/IOKit (offset 24)
   time stamp 2 Wed Dec 31 18:00:02 1969
      current version 275.0.0
compatibility version 1.0.0
Load command 23
          cmd LC_LOAD_DYLIB
      cmdsize 104
         name /System/Library/Frameworks/CoreServices.framework/Versions/A/CoreServices (offset 24)
   time stamp 2 Wed Dec 31 18:00:02 1969
      current version 1226.0.0
compatibility version 1.0.0
Load command 24
      cmd LC_FUNCTION_STARTS
  cmdsize 16
  dataoff 52445424
 datasize 132184
Load command 25
      cmd LC_DATA_IN_CODE
  cmdsize 16
  dataoff 52577608
 datasize 0
Load command 26
      cmd LC_CODE_SIGNATURE
  cmdsize 16
  dataoff 69045344
 datasize 539568

$ file target/release/surge
exit=0
target/release/surge: Mach-O 64-bit executable arm64

$ target/release/surge --version
exit=0
surge 0.1.0 (3136b82, 2026-10-05)

$ otool -L target/release/surge-daemon
exit=0
target/release/surge-daemon:
	/usr/lib/libiconv.2.dylib (compatibility version 7.0.0, current version 7.0.0)
	/System/Library/Frameworks/Security.framework/Versions/A/Security (compatibility version 1.0.0, current version 62460.1.2)
	/System/Library/Frameworks/CoreFoundation.framework/Versions/A/CoreFoundation (compatibility version 150.0.0, current version 5027.0.69)
	/usr/lib/libz.1.dylib (compatibility version 1.0.0, current version 1.2.12)
	/System/Library/Frameworks/AppKit.framework/Versions/C/AppKit (compatibility version 45.0.0, current version 2775.10.103)
	/System/Library/Frameworks/Foundation.framework/Versions/C/Foundation (compatibility version 300.0.0, current version 5027.0.69)
	/usr/lib/libSystem.B.dylib (compatibility version 1.0.0, current version 1359.0.0)
	/usr/lib/libobjc.A.dylib (compatibility version 1.0.0, current version 228.0.0)
	/System/Library/Frameworks/IOKit.framework/Versions/A/IOKit (compatibility version 1.0.0, current version 275.0.0)
	/System/Library/Frameworks/CoreServices.framework/Versions/A/CoreServices (compatibility version 1.0.0, current version 1226.0.0)

$ otool -l target/release/surge-daemon
exit=0
target/release/surge-daemon:
Load command 0
      cmd LC_SEGMENT_64
  cmdsize 72
  segname __PAGEZERO
   vmaddr 0x0000000000000000
   vmsize 0x0000000100000000
  fileoff 0
 filesize 0
  maxprot 0x00000000
 initprot 0x00000000
   nsects 0
    flags 0x0
Load command 1
      cmd LC_SEGMENT_64
  cmdsize 1112
  segname __TEXT
   vmaddr 0x0000000100000000
   vmsize 0x0000000003550000
  fileoff 0
 filesize 55902208
  maxprot 0x00000005
 initprot 0x00000005
   nsects 13
    flags 0x0
Section
  sectname __text
   segname __TEXT
      addr 0x0000000100001080
      size 0x00000000029efa8c
    offset 4224
     align 2^7 (128)
    reloff 0
    nreloc 0
     flags 0x80000400
 reserved1 0
 reserved2 0
Section
  sectname __stubs
   segname __TEXT
      addr 0x00000001029f0b0c
      size 0x000000000000114c
    offset 43977484
     align 2^2 (4)
    reloff 0
    nreloc 0
     flags 0x80000408
 reserved1 0 (index into indirect symbol table)
 reserved2 12 (size of stubs)
Section
  sectname __objc_stubs
   segname __TEXT
      addr 0x00000001029f1c60
      size 0x00000000000006e0
    offset 43981920
     align 2^5 (32)
    reloff 0
    nreloc 0
     flags 0x80000400
 reserved1 0
 reserved2 0
Section
  sectname __init_offsets
   segname __TEXT
      addr 0x00000001029f2340
      size 0x0000000000000004
    offset 43983680
     align 2^2 (4)
    reloff 0
    nreloc 0
     flags 0x00000016
 reserved1 0
 reserved2 0
Section
  sectname __objc_methlist
   segname __TEXT
      addr 0x00000001029f2348
      size 0x00000000000001c4
    offset 43983688
     align 2^3 (8)
    reloff 0
    nreloc 0
     flags 0x00000000
 reserved1 0
 reserved2 0
Section
  sectname __gcc_except_tab
   segname __TEXT
      addr 0x00000001029f250c
      size 0x000000000028be6c
    offset 43984140
     align 2^2 (4)
    reloff 0
    nreloc 0
     flags 0x00000000
 reserved1 0
 reserved2 0
Section
  sectname __const
   segname __TEXT
      addr 0x0000000102c7f000
      size 0x00000000002c0dc0
    offset 46657536
     align 2^12 (4096)
    reloff 0
    nreloc 0
     flags 0x00000000
 reserved1 0
 reserved2 0
Section
  sectname __cstring
   segname __TEXT
      addr 0x0000000102f3fdc0
      size 0x000000000006fcf4
    offset 49544640
     align 2^3 (8)
    reloff 0
    nreloc 0
     flags 0x00000002
 reserved1 0
 reserved2 0
Section
  sectname __objc_classname
   segname __TEXT
      addr 0x0000000102fafab4
      size 0x000000000000004d
    offset 50002612
     align 2^0 (1)
    reloff 0
    nreloc 0
     flags 0x00000002
 reserved1 0
 reserved2 0
Section
  sectname __objc_methname
   segname __TEXT
      addr 0x0000000102fafb01
      size 0x000000000000064a
    offset 50002689
     align 2^0 (1)
    reloff 0
    nreloc 0
     flags 0x00000002
 reserved1 0
 reserved2 0
Section
  sectname __objc_methtype
   segname __TEXT
      addr 0x0000000102fb014b
      size 0x0000000000000169
    offset 50004299
     align 2^0 (1)
    reloff 0
    nreloc 0
     flags 0x00000002
 reserved1 0
 reserved2 0
Section
  sectname __unwind_info
   segname __TEXT
      addr 0x0000000102fb02b4
      size 0x00000000000db828
    offset 50004660
     align 2^2 (4)
    reloff 0
    nreloc 0
     flags 0x00000000
 reserved1 0
 reserved2 0
Section
  sectname __eh_frame
   segname __TEXT
      addr 0x000000010308bae0
      size 0x00000000004c0a10
    offset 50903776
     align 2^3 (8)
    reloff 0
    nreloc 0
     flags 0x6800000b
 reserved1 0
 reserved2 0
Load command 2
      cmd LC_SEGMENT_64
  cmdsize 872
  segname __DATA_CONST
   vmaddr 0x0000000103550000
   vmsize 0x0000000000184000
  fileoff 55902208
 filesize 1589248
  maxprot 0x00000003
 initprot 0x00000003
   nsects 10
    flags 0x10
Section
  sectname __const
   segname __DATA_CONST
      addr 0x0000000103550000
      size 0x000000000017f028
    offset 55902208
     align 2^4 (16)
    reloff 0
    nreloc 0
     flags 0x00000000
 reserved1 0
 reserved2 0
Section
  sectname __cfstring
   segname __DATA_CONST
      addr 0x00000001036cf028
      size 0x0000000000000400
    offset 57471016
     align 2^3 (8)
    reloff 0
    nreloc 0
     flags 0x00000000
 reserved1 0
 reserved2 0
Section
  sectname __objc_classlist
   segname __DATA_CONST
      addr 0x00000001036cf428
      size 0x0000000000000008
    offset 57472040
     align 2^3 (8)
    reloff 0
    nreloc 0
     flags 0x10000000
 reserved1 0
 reserved2 0
Section
  sectname __objc_catlist
   segname __DATA_CONST
      addr 0x00000001036cf430
      size 0x0000000000000008
    offset 57472048
     align 2^3 (8)
    reloff 0
    nreloc 0
     flags 0x10000000
 reserved1 0
 reserved2 0
Section
  sectname __objc_protolist
   segname __DATA_CONST
      addr 0x00000001036cf438
      size 0x0000000000000010
    offset 57472056
     align 2^3 (8)
    reloff 0
    nreloc 0
     flags 0x00000000
 reserved1 0
 reserved2 0
Section
  sectname __objc_imageinfo
   segname __DATA_CONST
      addr 0x00000001036cf448
      size 0x0000000000000008
    offset 57472072
     align 2^2 (4)
    reloff 0
    nreloc 0
     flags 0x00000000
 reserved1 0
 reserved2 0
Section
  sectname __objc_arraydata
   segname __DATA_CONST
      addr 0x00000001036cf450
      size 0x0000000000000020
    offset 57472080
     align 2^3 (8)
    reloff 0
    nreloc 0
     flags 0x00000000
 reserved1 0
 reserved2 0
Section
  sectname __objc_dictobj
   segname __DATA_CONST
      addr 0x00000001036cf470
      size 0x0000000000000050
    offset 57472112
     align 2^3 (8)
    reloff 0
    nreloc 0
     flags 0x00000000
 reserved1 0
 reserved2 0
Section
  sectname __objc_intobj
   segname __DATA_CONST
      addr 0x00000001036cf4c0
      size 0x0000000000000018
    offset 57472192
     align 2^3 (8)
    reloff 0
    nreloc 0
     flags 0x00000000
 reserved1 0
 reserved2 0
Section
  sectname __got
   segname __DATA_CONST
      addr 0x00000001036cf4d8
      size 0x0000000000000c50
    offset 57472216
     align 2^3 (8)
    reloff 0
    nreloc 0
     flags 0x00000006
 reserved1 369 (index into indirect symbol table)
 reserved2 0
Load command 3
      cmd LC_SEGMENT_64
  cmdsize 872
  segname __DATA
   vmaddr 0x00000001036d4000
   vmsize 0x0000000000018000
  fileoff 57491456
 filesize 81920
  maxprot 0x00000003
 initprot 0x00000003
   nsects 10
    flags 0x0
Section
  sectname __objc_const
   segname __DATA
      addr 0x00000001036d4000
      size 0x00000000000002e0
    offset 57491456
     align 2^3 (8)
    reloff 0
    nreloc 0
     flags 0x00000000
 reserved1 0
 reserved2 0
Section
  sectname __objc_selrefs
   segname __DATA
      addr 0x00000001036d42e0
      size 0x0000000000000280
    offset 57492192
     align 2^3 (8)
    reloff 0
    nreloc 0
     flags 0x10000005
 reserved1 0
 reserved2 0
Section
  sectname __objc_ivar
   segname __DATA
      addr 0x00000001036d4560
      size 0x000000000000000c
    offset 57492832
     align 2^2 (4)
    reloff 0
    nreloc 0
     flags 0x00000000
 reserved1 0
 reserved2 0
Section
  sectname __objc_data
   segname __DATA
      addr 0x00000001036d4570
      size 0x0000000000000050
    offset 57492848
     align 2^3 (8)
    reloff 0
    nreloc 0
     flags 0x00000000
 reserved1 0
 reserved2 0
Section
  sectname __data
   segname __DATA
      addr 0x00000001036d45c0
      size 0x00000000000116d8
    offset 57492928
     align 2^4 (16)
    reloff 0
    nreloc 0
     flags 0x00000000
 reserved1 0
 reserved2 0
Section
  sectname __thread_vars
   segname __DATA
      addr 0x00000001036e5c98
      size 0x0000000000000300
    offset 57564312
     align 2^3 (8)
    reloff 0
    nreloc 0
     flags 0x00000013
 reserved1 0
 reserved2 0
Section
  sectname __thread_data
   segname __DATA
      addr 0x00000001036e5f98
      size 0x0000000000000130
    offset 57565080
     align 2^3 (8)
    reloff 0
    nreloc 0
     flags 0x00000011
 reserved1 0
 reserved2 0
Section
  sectname __thread_bss
   segname __DATA
      addr 0x00000001036e60c8
      size 0x0000000000000290
    offset 0
     align 2^3 (8)
    reloff 0
    nreloc 0
     flags 0x00000012
 reserved1 0
 reserved2 0
Section
  sectname __bss
   segname __DATA
      addr 0x00000001036e6358
      size 0x00000000000023b8
    offset 0
     align 2^3 (8)
    reloff 0
    nreloc 0
     flags 0x00000001
 reserved1 0
 reserved2 0
Section
  sectname __common
   segname __DATA
      addr 0x00000001036e8710
      size 0x0000000000000208
    offset 0
     align 2^3 (8)
    reloff 0
    nreloc 0
     flags 0x00000001
 reserved1 0
 reserved2 0
Load command 4
      cmd LC_SEGMENT_64
  cmdsize 72
  segname __LINKEDIT
   vmaddr 0x00000001036ec000
   vmsize 0x0000000001354000
  fileoff 57573376
 filesize 20255296
  maxprot 0x00000001
 initprot 0x00000001
   nsects 0
    flags 0x0
Load command 5
      cmd LC_DYLD_CHAINED_FIXUPS
  cmdsize 16
  dataoff 57573376
 datasize 8040
Load command 6
      cmd LC_DYLD_EXPORTS_TRIE
  cmdsize 16
  dataoff 57581416
 datasize 880848
Load command 7
     cmd LC_SYMTAB
 cmdsize 24
  symoff 58609696
   nsyms 160704
  stroff 61184016
 strsize 16041184
Load command 8
            cmd LC_DYSYMTAB
        cmdsize 80
      ilocalsym 0
      nlocalsym 147423
     iextdefsym 147423
     nextdefsym 12881
      iundefsym 160304
      nundefsym 400
         tocoff 0
           ntoc 0
      modtaboff 0
        nmodtab 0
   extrefsymoff 0
    nextrefsyms 0
 indirectsymoff 61180960
  nindirectsyms 763
      extreloff 0
        nextrel 0
      locreloff 0
        nlocrel 0
Load command 9
          cmd LC_LOAD_DYLINKER
      cmdsize 32
         name /usr/lib/dyld (offset 12)
Load command 10
     cmd LC_UUID
 cmdsize 24
    uuid F285CF16-F52D-321A-A76F-65CF44C3A8C7
Load command 11
      cmd LC_BUILD_VERSION
  cmdsize 32
 platform 1
    minos 15.0
      sdk 27.0
   ntools 1
     tool 3
  version 27037.1
Load command 12
      cmd LC_SOURCE_VERSION
  cmdsize 16
  version 0.0
Load command 13
       cmd LC_MAIN
   cmdsize 24
  entryoff 4644048
 stacksize 0
Load command 14
          cmd LC_LOAD_DYLIB
      cmdsize 56
         name /usr/lib/libiconv.2.dylib (offset 24)
   time stamp 2 Wed Dec 31 18:00:02 1969
      current version 7.0.0
compatibility version 7.0.0
Load command 15
          cmd LC_LOAD_DYLIB
      cmdsize 96
         name /System/Library/Frameworks/Security.framework/Versions/A/Security (offset 24)
   time stamp 2 Wed Dec 31 18:00:02 1969
      current version 62460.1.2
compatibility version 1.0.0
Load command 16
          cmd LC_LOAD_DYLIB
      cmdsize 104
         name /System/Library/Frameworks/CoreFoundation.framework/Versions/A/CoreFoundation (offset 24)
   time stamp 2 Wed Dec 31 18:00:02 1969
      current version 5027.0.69
compatibility version 150.0.0
Load command 17
          cmd LC_LOAD_DYLIB
      cmdsize 48
         name /usr/lib/libz.1.dylib (offset 24)
   time stamp 2 Wed Dec 31 18:00:02 1969
      current version 1.2.12
compatibility version 1.0.0
Load command 18
          cmd LC_LOAD_DYLIB
      cmdsize 88
         name /System/Library/Frameworks/AppKit.framework/Versions/C/AppKit (offset 24)
   time stamp 2 Wed Dec 31 18:00:02 1969
      current version 2775.10.103
compatibility version 45.0.0
Load command 19
          cmd LC_LOAD_DYLIB
      cmdsize 96
         name /System/Library/Frameworks/Foundation.framework/Versions/C/Foundation (offset 24)
   time stamp 2 Wed Dec 31 18:00:02 1969
      current version 5027.0.69
compatibility version 300.0.0
Load command 20
          cmd LC_LOAD_DYLIB
      cmdsize 56
         name /usr/lib/libSystem.B.dylib (offset 24)
   time stamp 2 Wed Dec 31 18:00:02 1969
      current version 1359.0.0
compatibility version 1.0.0
Load command 21
          cmd LC_LOAD_DYLIB
      cmdsize 56
         name /usr/lib/libobjc.A.dylib (offset 24)
   time stamp 2 Wed Dec 31 18:00:02 1969
      current version 228.0.0
compatibility version 1.0.0
Load command 22
          cmd LC_LOAD_DYLIB
      cmdsize 88
         name /System/Library/Frameworks/IOKit.framework/Versions/A/IOKit (offset 24)
   time stamp 2 Wed Dec 31 18:00:02 1969
      current version 275.0.0
compatibility version 1.0.0
Load command 23
          cmd LC_LOAD_DYLIB
      cmdsize 104
         name /System/Library/Frameworks/CoreServices.framework/Versions/A/CoreServices (offset 24)
   time stamp 2 Wed Dec 31 18:00:02 1969
      current version 1226.0.0
compatibility version 1.0.0
Load command 24
      cmd LC_FUNCTION_STARTS
  cmdsize 16
  dataoff 58462264
 datasize 147432
Load command 25
      cmd LC_DATA_IN_CODE
  cmdsize 16
  dataoff 58609696
 datasize 0
Load command 26
      cmd LC_CODE_SIGNATURE
  cmdsize 16
  dataoff 77225200
 datasize 603472

$ file target/release/surge-daemon
exit=0
target/release/surge-daemon: Mach-O 64-bit executable arm64

$ target/release/surge-daemon --version
exit=0
surge-daemon 0.1.0
