   Compiling serde v1.0.228
   Compiling ring v0.17.14
   Compiling futures-util v0.3.34
   Compiling security-framework-sys v2.17.0
   Compiling tokio-util v0.7.18
   Compiling mac-notification-sys v0.6.12
   Compiling serde_path_to_error v0.1.20
   Compiling ascii v1.1.0
   Compiling security-framework v3.7.0
   Compiling chunked_transfer v1.5.0
   Compiling tiny_http v0.12.0
   Compiling chrono v0.4.44
   Compiling url v2.5.8
   Compiling toml_datetime v0.6.11
   Compiling serde_spanned v0.6.9
   Compiling toml_edit v0.22.27
   Compiling rustls-native-certs v0.8.3
   Compiling serde_urlencoded v0.7.1
   Compiling ulid v1.2.1
   Compiling humantime-serde v1.1.1
   Compiling rusqlite v0.32.1
   Compiling schemars v1.2.1
   Compiling notify-rust v4.12.0
   Compiling hyper-util v0.1.20
   Compiling tower v0.5.3
   Compiling futures-executor v0.3.34
   Compiling r2d2_sqlite v0.25.0
   Compiling futures v0.3.34
   Compiling rustls v0.23.45
   Compiling toml v0.8.23
   Compiling tower-http v0.6.8
   Compiling surge-core v0.1.0 (/Users/vanyastafford/Develop/surge/crates/surge-core)
   Compiling hyper-timeout v0.5.2
   Compiling rustls-webpki v0.103.15
   Compiling jsonwebtoken v9.3.1
   Compiling tokio-rustls v0.26.4
   Compiling hyper-rustls v0.27.7
   Compiling lettre v0.11.22
   Compiling reqwest v0.12.28
   Compiling octocrab v0.42.1
   Compiling lineark-sdk v3.0.1
   Compiling surge-persistence v0.1.0 (/Users/vanyastafford/Develop/surge/crates/surge-persistence)
   Compiling surge-intake v0.1.0 (/Users/vanyastafford/Develop/surge/crates/surge-intake)
   Compiling surge-notify v0.1.0 (/Users/vanyastafford/Develop/surge/crates/surge-notify)
    Finished `test` profile [unoptimized + debuginfo] target(s) in 46.70s
     Running unittests src/lib.rs (target/debug/deps/surge_notify-b4f97f8753bf8bcb)

running 1 test
test telegram::transport_tests::transport_diagnostic_omits_bot_token_url ... ok

test result: ok. 1 passed; 0 failed; 0 ignored; 0 measured; 21 filtered out; finished in 0.01s
