---
source: crates/surge-core/src/run_event.rs
expression: "variants.join(\"\\n\")"
---
ApprovalDecided
ApprovalRequested
ArtifactProduced
BootstrapApprovalDecided
BootstrapApprovalRequested
BootstrapArtifactProduced
BootstrapEditRequested
BootstrapStageStarted
BootstrapTelemetry
BudgetExceeded
BudgetWarningRaised
ComposedArtifactInstalled
EdgeTraversed
EscalationRequested
ForkCreated
GraphRevisionAccepted
HookExecuted
HumanInputRequested
HumanInputResolved
HumanInputTimedOut
LoopCompleted
LoopIterationCompleted
LoopIterationStarted
NotifyDelivered
OutcomeRejectedByHook
OutcomeReported
PipelineMaterialized
RoadmapPatchApplied
RoadmapPatchApprovalDecided
RoadmapPatchApprovalRequested
RoadmapPatchDrafted
RoadmapUpdated
RunAborted
RunCompleted
RunFailed
RunParked
RunStarted
RunWokeFromPark
RuntimeVersionWarning
SandboxElevationDecided
SandboxElevationRequested
SandboxElevationTimedOut
SessionClosed
SessionOpened
SkillBound
StageCompleted
StageEntered
StageFailed
StageInputsResolved
SteerDelivered
SubgraphEntered
SubgraphExited
TaskDiscovered
TaskStatusChanged
TaskVerified
TokensConsumed
ToolCalled
ToolResultReceived
