---
source: crates/surge-core/tests/artifact_schema_snapshots.rs
assertion_line: 22
expression: schema
---
{
  "$schema": "https://json-schema.org/draft/2020-12/schema",
  "title": "RoadmapArtifact",
  "description": "Surge `roadmap.toml` artifact: ordered milestones, cross-milestone dependencies, and tracked risks.",
  "type": "object",
  "properties": {
    "schema_version": {
      "description": "Artifact contract schema version.",
      "type": "integer",
      "format": "uint32",
      "minimum": 0,
      "default": 2
    },
    "milestones": {
      "description": "Deliverable-focused milestones in execution order.",
      "type": "array",
      "items": {
        "$ref": "#/$defs/RoadmapMilestone"
      },
      "default": []
    },
    "dependencies": {
      "description": "Cross-milestone dependencies.",
      "type": "array",
      "items": {
        "$ref": "#/$defs/RoadmapDependency"
      },
      "default": []
    },
    "risks": {
      "description": "Known delivery risks.",
      "type": "array",
      "items": {
        "$ref": "#/$defs/RoadmapRisk"
      },
      "default": []
    }
  },
  "$defs": {
    "RoadmapMilestone": {
      "description": "One deliverable-focused roadmap milestone.",
      "type": "object",
      "properties": {
        "id": {
          "description": "Stable human-authored identifier, for example `m1`.",
          "type": "string"
        },
        "title": {
          "description": "Human-readable milestone title.",
          "type": "string"
        },
        "status": {
          "description": "Current execution status for amendment safety checks.",
          "$ref": "#/$defs/RoadmapStatus"
        },
        "tasks": {
          "description": "Ordered tasks within this milestone.",
          "type": "array",
          "items": {
            "$ref": "#/$defs/RoadmapTask"
          },
          "default": []
        }
      },
      "required": [
        "id",
        "title"
      ]
    },
    "RoadmapStatus": {
      "description": "Execution status of a roadmap item.",
      "oneOf": [
        {
          "description": "Not yet started.",
          "type": "string",
          "const": "pending"
        },
        {
          "description": "Currently being executed by the orchestrator.",
          "type": "string",
          "const": "running"
        },
        {
          "description": "Paused, waiting for human input or gate.",
          "type": "string",
          "const": "paused"
        },
        {
          "description": "Implementation reported done; awaiting a verification-authority node.",
          "type": "string",
          "const": "ready_for_verification"
        },
        {
          "description": "Verification rejected the implementation; routes back to execution.",
          "type": "string",
          "const": "failed_verification"
        },
        {
          "description": "Completed successfully.",
          "type": "string",
          "const": "completed"
        },
        {
          "description": "Failed — may be retried.",
          "type": "string",
          "const": "failed"
        },
        {
          "description": "Skipped (dependency failed or user cancelled).",
          "type": "string",
          "const": "skipped"
        }
      ]
    },
    "RoadmapTask": {
      "description": "One task within a roadmap milestone.",
      "type": "object",
      "properties": {
        "id": {
          "description": "Stable human-authored identifier, for example `m1-t1`.",
          "type": "string"
        },
        "title": {
          "description": "Human-readable task title.",
          "type": "string"
        },
        "status": {
          "description": "Current execution status for amendment safety checks.",
          "$ref": "#/$defs/RoadmapStatus"
        },
        "description": {
          "description": "Optional short description.",
          "type": [
            "string",
            "null"
          ]
        },
        "acceptance_criteria": {
          "description": "Acceptance criteria that downstream spec/story authors can refine.",
          "type": "array",
          "items": {
            "type": "string"
          },
          "default": []
        },
        "depends_on": {
          "description": "Task ids (in any milestone) that must complete before this task.\n\nSchema v2. Task-granularity edges for the ledger; milestone-level\nordering stays in [`RoadmapArtifact::dependencies`].",
          "type": "array",
          "items": {
            "type": "string"
          }
        },
        "discovered_from": {
          "description": "Task id this task was discovered from while executing that task.\n\nSchema v2. Captures mid-task discovered work instead of dropping it.",
          "type": [
            "string",
            "null"
          ]
        },
        "size": {
          "description": "Context-budget size class.\n\nSchema v2, required by the validator at v2: every task must be\ncompletable in one fresh agent session; oversized work is split.",
          "anyOf": [
            {
              "$ref": "#/$defs/TaskSize"
            },
            {
              "type": "null"
            }
          ]
        },
        "verified": {
          "description": "True only when a verification-authority node reported the task\nverified. Distinct from [`RoadmapStatus::Completed`], which any\nstage can claim.",
          "type": "boolean"
        }
      },
      "required": [
        "id",
        "title"
      ]
    },
    "TaskSize": {
      "description": "Context-budget size class for one roadmap task.\n\nThe contract is qualitative, not a token count: an `S`/`M` task fits one\nfresh agent session comfortably; `L` is the upper bound and a planner\nsignal to consider splitting.",
      "oneOf": [
        {
          "description": "Small — a focused change, well under one session.",
          "type": "string",
          "const": "s"
        },
        {
          "description": "Medium — a typical task, fits one session with room for verification.",
          "type": "string",
          "const": "m"
        },
        {
          "description": "Large — fills one session; anything bigger must be split.",
          "type": "string",
          "const": "l"
        }
      ]
    },
    "RoadmapDependency": {
      "description": "Directed dependency between roadmap milestones.",
      "type": "object",
      "properties": {
        "from": {
          "description": "Milestone that must finish first.",
          "type": "string"
        },
        "to": {
          "description": "Milestone that depends on `from`.",
          "type": "string"
        },
        "reason": {
          "description": "Human-readable reason for the dependency.",
          "type": "string"
        }
      },
      "required": [
        "from",
        "to"
      ]
    },
    "RoadmapRisk": {
      "description": "Risk tracked by the roadmap artifact.",
      "type": "object",
      "properties": {
        "description": {
          "description": "Risk description.",
          "type": "string"
        },
        "mitigation": {
          "description": "Optional mitigation plan.",
          "type": [
            "string",
            "null"
          ]
        }
      },
      "required": [
        "description"
      ]
    }
  },
  "required": [
    "schema_version"
  ],
  "$id": "https://surge.dev/schema/v1/roadmap.json",
  "x-surge-schema-version": 1
}
