---
source: crates/surge-core/tests/fold_hook_events.rs
assertion_line: 236
expression: memory
---
RunMemory {
    artifacts: {},
    artifacts_by_node: {},
    outcomes: {
        NodeKey("impl_1"): [
            OutcomeRecord {
                outcome: OutcomeKey("done"),
                summary: "implementation complete",
                seq: 9,
            },
            OutcomeRecord {
                outcome: OutcomeKey("done"),
                summary: "second pass",
                seq: 12,
            },
        ],
    },
    costs: CostSummary {
        tokens_in: 0,
        tokens_out: 0,
        cache_hits: 0,
        cost_usd: 0.0,
    },
    bootstrap_edit_counts: {},
    node_visits: {},
    last_edit_feedback_by_stage: {},
}
