---
source: crates/surge-core/tests/fold_hook_events.rs
assertion_line: 238
expression: memory
---
RunMemory {
    execution_writers: {},
    provider_sessions: {},
    session_establishments: {},
    stage_occurrences: {
        NodeKey("impl_1"): 11,
    },
    gate_recovery_error: None,
    gate_decisions: {},
    committed_stage_outcomes: {},
    committed_gate_stages: {},
    suspension: None,
    control_generation: 0,
    bootstrap_edit_loop_cap: None,
    artifacts: {},
    artifacts_by_node: {},
    outcomes: {
        NodeKey("impl_1"): [
            OutcomeRecord {
                outcome: OutcomeKey("done"),
                summary: "implementation complete",
                seq: 9,
            },
            OutcomeRecord {
                outcome: OutcomeKey("done"),
                summary: "second pass",
                seq: 12,
            },
        ],
    },
    costs: CostSummary {
        tokens_in: 0,
        tokens_out: 0,
        cache_hits: 0,
        cost_usd: 0.0,
    },
    budget_warning_raised: false,
    budget_exceeded_noted: false,
    bootstrap_edit_counts: {},
    node_visits: {},
    last_edit_feedback_by_stage: {},
    roadmap_patches: {},
    latest_graph_revision: None,
    ledger: LedgerState {
        tasks: {},
        rejected_verifications: 0,
    },
    verification: VerificationContext {
        subject: None,
        criteria: {},
    },
    verification_graph: Some(
        Graph {
            schema_version: 1,
            metadata: GraphMetadata {
                name: "fold-hook-events",
                description: None,
                template_origin: None,
                created_at: 2026-05-06T00:00:00Z,
                author: None,
                archetype: None,
            },
            start: NodeKey("impl_1"),
            nodes: {
                NodeKey("end"): Node {
                    id: NodeKey("end"),
                    position: Position {
                        x: 0.0,
                        y: 0.0,
                    },
                    declared_outcomes: [],
                    config: Terminal(
                        TerminalConfig {
                            kind: Success,
                            message: None,
                        },
                    ),
                },
                NodeKey("impl_1"): Node {
                    id: NodeKey("impl_1"),
                    position: Position {
                        x: 0.0,
                        y: 0.0,
                    },
                    declared_outcomes: [],
                    config: Terminal(
                        TerminalConfig {
                            kind: Success,
                            message: None,
                        },
                    ),
                },
            },
            edges: [],
            subgraphs: {},
        },
    ),
    work_item: None,
}
